// Jest Snapshot v1, https://goo.gl/fbAQLP

exports[`OptionList renders correctly virtual 1`] = `
<div>
  <div
    id="undefined_list"
    role="listbox"
    style="height: 0px; width: 0px; overflow: hidden;"
  >
    <div
      aria-selected="false"
      id="undefined_list_0"
      role="presentation"
    />
    <div
      aria-label="value-1"
      aria-selected="true"
      id="undefined_list_1"
      role="option"
    >
      1
    </div>
    <div
      aria-selected="false"
      id="undefined_list_2"
      role="presentation"
    />
  </div>
  <div
    class="rc-virtual-list"
    style="position: relative;"
  >
    <div
      class="rc-virtual-list-holder"
    >
      <div>
        <div
          class="rc-virtual-list-holder-inner"
          style="display: flex; flex-direction: column;"
        >
          <div
            class="rc-select-item rc-select-item-group"
          >
            group1
          </div>
          <div
            aria-label="value-1"
            aria-selected="true"
            class="rc-select-item rc-select-item-option rc-select-item-option-grouped rc-select-item-option-active rc-select-item-option-selected"
            title="1"
          >
            <div
              class="rc-select-item-option-content"
            >
              1
            </div>
            <span
              aria-hidden="true"
              class="rc-select-item-option-state"
              style="user-select: none;"
              unselectable="on"
            >
              <span
                class="rc-select-item-option-state-icon"
              >
                ✓
              </span>
            </span>
          </div>
          <div
            class="rc-select-item rc-select-item-group"
          >
            group2
          </div>
          <div
            aria-selected="false"
            class="rc-select-item rc-select-item-option rc-select-item-option-grouped"
            title="2"
          >
            <div
              class="rc-select-item-option-content"
            >
              2
            </div>
            <span
              aria-hidden="true"
              class="rc-select-item-option-state"
              style="user-select: none;"
              unselectable="on"
            >
              <span
                class="rc-select-item-option-state-icon"
              />
            </span>
          </div>
        </div>
      </div>
    </div>
  </div>
</div>
`;

exports[`OptionList renders correctly without virtual 1`] = `
<div>
  <div
    class="rc-virtual-list"
    style="position: relative;"
  >
    <div
      class="rc-virtual-list-holder"
    >
      <div>
        <div
          class="rc-virtual-list-holder-inner"
          id="undefined_list"
          role="listbox"
          style="display: flex; flex-direction: column;"
        >
          <div
            class="rc-select-item rc-select-item-group"
          >
            group1
          </div>
          <div
            aria-label="value-1"
            aria-selected="true"
            class="rc-select-item rc-select-item-option rc-select-item-option-grouped rc-select-item-option-active rc-select-item-option-selected"
            id="undefined_list_1"
            role="option"
            title="1"
          >
            <div
              class="rc-select-item-option-content"
            >
              1
            </div>
            <span
              aria-hidden="true"
              class="rc-select-item-option-state"
              style="user-select: none;"
              unselectable="on"
            >
              <span
                class="rc-select-item-option-state-icon"
              >
                ✓
              </span>
            </span>
          </div>
          <div
            class="rc-select-item rc-select-item-group"
          >
            group2
          </div>
          <div
            aria-selected="false"
            class="rc-select-item rc-select-item-option rc-select-item-option-grouped"
            id="undefined_list_3"
            role="option"
            title="2"
          >
            <div
              class="rc-select-item-option-content"
            >
              2
            </div>
            <span
              aria-hidden="true"
              class="rc-select-item-option-state"
              style="user-select: none;"
              unselectable="on"
            >
              <span
                class="rc-select-item-option-state-icon"
              />
            </span>
          </div>
        </div>
      </div>
    </div>
  </div>
</div>
`;
