// Jest Snapshot v1, https://goo.gl/fbAQLP

exports[`Select.multiple allowClear renders correctly 1`] = `
<div
  class="rc-select rc-select-enabled rc-select-allow-clear"
>
  <div
    aria-autocomplete="list"
    aria-controls=""
    aria-expanded="false"
    aria-haspopup="true"
    class="rc-select-selection
            rc-select-selection--multiple"
    role="combobox"
  >
    <div
      class="rc-select-selection__rendered"
    >
      <ul>
        <li
          class="rc-select-search rc-select-search--inline"
        >
          <div
            class="rc-select-search__field__wrap"
          >
            <input
              autocomplete="off"
              class="rc-select-search__field"
              value=""
            />
            <span
              class="rc-select-search__field__mirror"
            >
               
            </span>
          </div>
        </li>
      </ul>
    </div>
  </div>
</div>
`;

exports[`Select.multiple render render animation 1`] = `
<SelectTrigger
  ariaId="test-uuid"
  backfillValue=""
  defaultActiveFirstOption={true}
  dropdownMatchSelectWidth={true}
  dropdownMenuStyle={Object {}}
  dropdownRender={[Function]}
  dropdownStyle={Object {}}
  empty={false}
  inputValue=""
  multiple={true}
  onDropdownVisibleChange={[Function]}
  onMenuDeselect={[Function]}
  onMenuSelect={[Function]}
  onPopupFocus={[Function]}
  options={Array []}
  prefixCls="rc-select"
  showAction={
    Array [
      "click",
    ]
  }
  showSearch={true}
  value={Array []}
  visible={false}
>
  <div
    className="rc-select rc-select-enabled"
    onBlur={[Function]}
    onFocus={[Function]}
    onMouseDown={[Function]}
    onMouseOut={[Function]}
    onMouseUp={[Function]}
  >
    <div
      aria-autocomplete="list"
      aria-controls="test-uuid"
      aria-expanded={false}
      aria-haspopup="true"
      className="rc-select-selection
            rc-select-selection--multiple"
      key="selection"
      role="combobox"
    >
      <div
        className="rc-select-selection__rendered"
      >
        <Animate
          animation={Object {}}
          component="ul"
          componentProps={Object {}}
          onAppear={[Function]}
          onEnd={[Function]}
          onEnter={[Function]}
          onLeave={[Function]}
          transitionAppear={false}
          transitionEnter={true}
          transitionLeave={true}
          transitionName="slide-up"
        >
          <li
            className="rc-select-search rc-select-search--inline"
            key="__input"
          >
            <div
              className="rc-select-search__field__wrap"
            >
              <input
                autoComplete="off"
                className="rc-select-search__field"
                onChange={[Function]}
                onKeyDown={[Function]}
                value=""
              />
              <span
                className="rc-select-search__field__mirror"
              >
                 
              </span>
            </div>
          </li>
        </Animate>
      </div>
    </div>
  </div>
</SelectTrigger>
`;

exports[`Select.multiple render truncates tags by maxTagCount 1`] = `
<div
  class="rc-select rc-select-enabled"
>
  <div
    aria-autocomplete="list"
    aria-controls=""
    aria-expanded="false"
    aria-haspopup="true"
    class="rc-select-selection
            rc-select-selection--multiple"
    role="combobox"
  >
    <div
      class="rc-select-selection__rendered"
    >
      <ul>
        <li
          class="rc-select-selection__choice"
          role="presentation"
          style="user-select:none;-webkit-user-select:none"
          title="one"
          unselectable="on"
        >
          <div
            class="rc-select-selection__choice__content"
          >
            one
          </div>
          <span
            class="rc-select-selection__choice__remove"
          >
            <i
              class="rc-select-selection__choice__remove-icon"
            >
              ×
            </i>
          </span>
        </li>
        <li
          class="rc-select-selection__choice"
          role="presentation"
          style="user-select:none;-webkit-user-select:none"
          title="two"
          unselectable="on"
        >
          <div
            class="rc-select-selection__choice__content"
          >
            two
          </div>
          <span
            class="rc-select-selection__choice__remove"
          >
            <i
              class="rc-select-selection__choice__remove-icon"
            >
              ×
            </i>
          </span>
        </li>
        <li
          class="rc-select-selection__choice rc-select-selection__choice__disabled"
          role="presentation"
          style="user-select:none;-webkit-user-select:none"
          title="+ 1 ..."
          unselectable="on"
        >
          <div
            class="rc-select-selection__choice__content"
          >
            + 1 ...
          </div>
        </li>
        <li
          class="rc-select-search rc-select-search--inline"
        >
          <div
            class="rc-select-search__field__wrap"
          >
            <input
              autocomplete="off"
              class="rc-select-search__field"
              value=""
            />
            <span
              class="rc-select-search__field__mirror"
            >
               
            </span>
          </div>
        </li>
      </ul>
    </div>
  </div>
</div>
`;

exports[`Select.multiple render truncates tags by maxTagCount and show maxTagPlaceholder 1`] = `
<div
  class="rc-select rc-select-enabled"
>
  <div
    aria-autocomplete="list"
    aria-controls=""
    aria-expanded="false"
    aria-haspopup="true"
    class="rc-select-selection
            rc-select-selection--multiple"
    role="combobox"
  >
    <div
      class="rc-select-selection__rendered"
    >
      <ul>
        <li
          class="rc-select-selection__choice"
          role="presentation"
          style="user-select:none;-webkit-user-select:none"
          title="one"
          unselectable="on"
        >
          <div
            class="rc-select-selection__choice__content"
          >
            one
          </div>
          <span
            class="rc-select-selection__choice__remove"
          >
            <i
              class="rc-select-selection__choice__remove-icon"
            >
              ×
            </i>
          </span>
        </li>
        <li
          class="rc-select-selection__choice"
          role="presentation"
          style="user-select:none;-webkit-user-select:none"
          title="two"
          unselectable="on"
        >
          <div
            class="rc-select-selection__choice__content"
          >
            two
          </div>
          <span
            class="rc-select-selection__choice__remove"
          >
            <i
              class="rc-select-selection__choice__remove-icon"
            >
              ×
            </i>
          </span>
        </li>
        <li
          class="rc-select-selection__choice rc-select-selection__choice__disabled"
          role="presentation"
          style="user-select:none;-webkit-user-select:none"
          title=""
          unselectable="on"
        >
          <div
            class="rc-select-selection__choice__content"
          >
            <span>
              Omitted
            </span>
          </div>
        </li>
        <li
          class="rc-select-search rc-select-search--inline"
        >
          <div
            class="rc-select-search__field__wrap"
          >
            <input
              autocomplete="off"
              class="rc-select-search__field"
              value=""
            />
            <span
              class="rc-select-search__field__mirror"
            >
               
            </span>
          </div>
        </li>
      </ul>
    </div>
  </div>
</div>
`;

exports[`Select.multiple render truncates tags by maxTagCount and show maxTagPlaceholder function 1`] = `
<div
  class="rc-select rc-select-enabled"
>
  <div
    aria-autocomplete="list"
    aria-controls=""
    aria-expanded="false"
    aria-haspopup="true"
    class="rc-select-selection
            rc-select-selection--multiple"
    role="combobox"
  >
    <div
      class="rc-select-selection__rendered"
    >
      <ul>
        <li
          class="rc-select-selection__choice"
          role="presentation"
          style="user-select:none;-webkit-user-select:none"
          title="one"
          unselectable="on"
        >
          <div
            class="rc-select-selection__choice__content"
          >
            one
          </div>
          <span
            class="rc-select-selection__choice__remove"
          >
            <i
              class="rc-select-selection__choice__remove-icon"
            >
              ×
            </i>
          </span>
        </li>
        <li
          class="rc-select-selection__choice"
          role="presentation"
          style="user-select:none;-webkit-user-select:none"
          title="two"
          unselectable="on"
        >
          <div
            class="rc-select-selection__choice__content"
          >
            two
          </div>
          <span
            class="rc-select-selection__choice__remove"
          >
            <i
              class="rc-select-selection__choice__remove-icon"
            >
              ×
            </i>
          </span>
        </li>
        <li
          class="rc-select-selection__choice rc-select-selection__choice__disabled"
          role="presentation"
          style="user-select:none;-webkit-user-select:none"
          title=""
          unselectable="on"
        >
          <div
            class="rc-select-selection__choice__content"
          >
            <span>
              1 values omitted
            </span>
          </div>
        </li>
        <li
          class="rc-select-search rc-select-search--inline"
        >
          <div
            class="rc-select-search__field__wrap"
          >
            <input
              autocomplete="off"
              class="rc-select-search__field"
              value=""
            />
            <span
              class="rc-select-search__field__mirror"
            >
               
            </span>
          </div>
        </li>
      </ul>
    </div>
  </div>
</div>
`;

exports[`Select.multiple render truncates tags by maxTagCount while maxTagCount is 0 1`] = `
<div
  class="rc-select rc-select-enabled"
>
  <div
    aria-autocomplete="list"
    aria-controls=""
    aria-expanded="false"
    aria-haspopup="true"
    class="rc-select-selection
            rc-select-selection--multiple"
    role="combobox"
  >
    <div
      class="rc-select-selection__rendered"
    >
      <ul>
        <li
          class="rc-select-selection__choice rc-select-selection__choice__disabled"
          role="presentation"
          style="user-select:none;-webkit-user-select:none"
          title="+ 3 ..."
          unselectable="on"
        >
          <div
            class="rc-select-selection__choice__content"
          >
            + 3 ...
          </div>
        </li>
        <li
          class="rc-select-search rc-select-search--inline"
        >
          <div
            class="rc-select-search__field__wrap"
          >
            <input
              autocomplete="off"
              class="rc-select-search__field"
              value=""
            />
            <span
              class="rc-select-search__field__mirror"
            >
               
            </span>
          </div>
        </li>
      </ul>
    </div>
  </div>
</div>
`;

exports[`Select.multiple render truncates values by maxTagTextLength 1`] = `
<div
  class="rc-select rc-select-enabled"
>
  <div
    aria-autocomplete="list"
    aria-controls=""
    aria-expanded="false"
    aria-haspopup="true"
    class="rc-select-selection
            rc-select-selection--multiple"
    role="combobox"
  >
    <div
      class="rc-select-selection__rendered"
    >
      <ul>
        <li
          class="rc-select-selection__choice"
          role="presentation"
          style="user-select:none;-webkit-user-select:none"
          title="one"
          unselectable="on"
        >
          <div
            class="rc-select-selection__choice__content"
          >
            on...
          </div>
          <span
            class="rc-select-selection__choice__remove"
          >
            <i
              class="rc-select-selection__choice__remove-icon"
            >
              ×
            </i>
          </span>
        </li>
        <li
          class="rc-select-selection__choice"
          role="presentation"
          style="user-select:none;-webkit-user-select:none"
          title="two"
          unselectable="on"
        >
          <div
            class="rc-select-selection__choice__content"
          >
            tw...
          </div>
          <span
            class="rc-select-selection__choice__remove"
          >
            <i
              class="rc-select-selection__choice__remove-icon"
            >
              ×
            </i>
          </span>
        </li>
        <li
          class="rc-select-search rc-select-search--inline"
        >
          <div
            class="rc-select-search__field__wrap"
          >
            <input
              autocomplete="off"
              class="rc-select-search__field"
              value=""
            />
            <span
              class="rc-select-search__field__mirror"
            >
               
            </span>
          </div>
        </li>
      </ul>
    </div>
  </div>
</div>
`;
