exports[`Select.multiple render renders animation correctly 1`] = `
<SelectTrigger
  defaultActiveFirstOption={true}
  dropdownMatchSelectWidth={true}
  dropdownMenuStyle={Object {}}
  dropdownStyle={Object {}}
  inputValue=""
  multiple={true}
  onDropdownVisibleChange={[Function]}
  onMenuDeselect={[Function]}
  onMenuSelect={[Function]}
  onPopupFocus={[Function]}
  options={Array []}
  prefixCls="rc-select"
  showSearch={true}
  value={Array []}
  visible={false}>
  <div
    className="rc-select rc-select-enabled"
    onBlur={[Function]}
    onFocus={[Function]}>
    <div
      aria-autocomplete="list"
      aria-expanded={false}
      aria-haspopup="true"
      className="rc-select-selection
                rc-select-selection--multiple"
      role="combobox">
      <div
        className="rc-select-selection__rendered">
        <Animate
          animation={Object {}}
          component="ul"
          onAppear={[Function]}
          onEnd={[Function]}
          onEnter={[Function]}
          onLeave={[Function]}
          transitionAppear={false}
          transitionEnter={true}
          transitionLeave={true}
          transitionName="slide-up">
          <li
            className="rc-select-search rc-select-search--inline">
            <div
              className="rc-select-search__field__wrap">
              <input
                className="rc-select-search__field"
                onChange={[Function]}
                onKeyDown={[Function]}
                value="" />
              <span
                className="rc-select-search__field__mirror" />
            </div>
          </li>
        </Animate>
      </div>
    </div>
  </div>
</SelectTrigger>
`;

exports[`Select.multiple render renders value correctly 1`] = `
<div
  class="rc-select rc-select-enabled">
  <div
    aria-autocomplete="list"
    aria-expanded="false"
    aria-haspopup="true"
    class="rc-select-selection
              rc-select-selection--multiple"
    role="combobox">
    <div
      class="rc-select-selection__rendered">
      <ul>
        <li
          class="rc-select-selection__choice"
          style="user-select:none;-webkit-user-select:none;"
          title="1"
          unselectable="unselectable">
          <div
            class="rc-select-selection__choice__content">
            1
          </div>
          <span
            class="rc-select-selection__choice__remove" />
        </li>
        <li
          class="rc-select-selection__choice"
          style="user-select:none;-webkit-user-select:none;"
          title="2"
          unselectable="unselectable">
          <div
            class="rc-select-selection__choice__content">
            2
          </div>
          <span
            class="rc-select-selection__choice__remove" />
        </li>
        <li
          class="rc-select-search rc-select-search--inline">
          <div
            class="rc-select-search__field__wrap">
            <input
              class="rc-select-search__field"
              value="" />
            <span
              class="rc-select-search__field__mirror" />
          </div>
        </li>
      </ul>
    </div>
  </div>
</div>
`;

exports[`Select.multiple render truncates values by maxTagTextLength 1`] = `
<div
  class="rc-select rc-select-enabled">
  <div
    aria-autocomplete="list"
    aria-expanded="false"
    aria-haspopup="true"
    class="rc-select-selection
              rc-select-selection--multiple"
    role="combobox">
    <div
      class="rc-select-selection__rendered">
      <ul>
        <li
          class="rc-select-selection__choice"
          style="user-select:none;-webkit-user-select:none;"
          title="one"
          unselectable="unselectable">
          <div
            class="rc-select-selection__choice__content">
            on...
          </div>
          <span
            class="rc-select-selection__choice__remove" />
        </li>
        <li
          class="rc-select-selection__choice"
          style="user-select:none;-webkit-user-select:none;"
          title="two"
          unselectable="unselectable">
          <div
            class="rc-select-selection__choice__content">
            tw...
          </div>
          <span
            class="rc-select-selection__choice__remove" />
        </li>
        <li
          class="rc-select-search rc-select-search--inline">
          <div
            class="rc-select-search__field__wrap">
            <input
              class="rc-select-search__field"
              value="" />
            <span
              class="rc-select-search__field__mirror" />
          </div>
        </li>
      </ul>
    </div>
  </div>
</div>
`;
