// Jest Snapshot v1, https://goo.gl/fbAQLP

exports[`Select.SSR should work 1`] = `"<div class="rc-select rc-select-single"><div class="rc-select-selector"><span class="rc-select-selection-search"><input type="search" autoComplete="off" class="rc-select-selection-search-input" role="combobox" aria-label="Search" aria-expanded="false" aria-haspopup="listbox" aria-owns="undefined_list" aria-autocomplete="list" aria-controls="undefined_list" value="" readonly="" unselectable="on" style="opacity:0"/></span><span class="rc-select-selection-placeholder"></span></div></div>"`;
